-2147483648
-1
2147483647
65535 + 1 = 65536
16777215 + 16777215 = 33554430
10 - 20 = -10
4096 - 1 = 4095
-42 - -84 = 42
-4096 - -1 = -4095
42 - -10 = 52
-10 - 42 = -52
