false
true
true
0
1
42
0
1
0
1
0
1
0
0
false
true
true
true
