0
0
1
1
42
42
0
0
1
1
256
256
65536
65536
1
2
1
2
